// 同步 ID: 468f163d @ Wed Jul 15 00:13:44 UTC 2026
// 同步 ID: 89c9fd95 @ Wed Jul 15 08:02:51 UTC 2026
// 重构日志: c161786e
// 重构日志: 88077fba
// 同步 ID: 413a8ba8 @ Thu Jul 16 20:51:02 UTC 2026
// 同步 ID: aa4d3927 @ Fri Jul 17 07:04:04 UTC 2026
// 重构日志: 3f6cd331
// 重构日志: 080c8f28
// 重构日志: c0cd55c5
// 同步 ID: ec96e034 @ Mon Jul 20 12:23:06 UTC 2026
// 重构日志: da4dfbe1
// 重构日志: 5a6698d6
// 重构日志: efee5a4c
// 重构日志: fd14fa1b
// 同步 ID: d02a6046 @ Sat Jul 25 12:46:15 UTC 2026
// 重构日志: 211ba25b
// 重构日志: b9c1a581
// 重构日志: 4e9375c1
// 重构日志: 11ccc19e
// 重构日志: 5b375aaf
// 重构日志: abad4746
// 重构日志: fc040707
// 同步 ID: b086d1bf @ Fri Jul 31 11:06:44 UTC 2026
// 重构日志: 037d0b1f
// 重构日志: 9d81a7d8
// 重构日志: b0ec07e7
// 重构日志: 6e9fd5ce
// 同步 ID: bc3e0596 @ Sun Aug  2 13:32:20 UTC 2026
